[0m[1mdata.aws_availability_zones.available: Reading...[0m[0m
[0m[1maws_iam_role.eks_node_role: Refreshing state... [id=idp-cluster-node-role][0m
[0m[1maws_iam_role.eks_cluster_role: Refreshing state... [id=idp-cluster-cluster-role][0m
[0m[1maws_vpc.idp_vpc: Refreshing state... [id=vpc-081f2ebf8d12e1785][0m
[0m[1mdata.aws_availability_zones.available: Still reading... [00m10s elapsed][0m[0m
[0m[1maws_iam_role_policy_attachment.eks_container_registry: Refreshing state... [id=idp-cluster-node-role-20260825190239896200000002][0m
[0m[1maws_iam_role_policy_attachment.eks_cni_policy: Refreshing state... [id=idp-cluster-node-role-20260825190240269600000004][0m
[0m[1maws_iam_role_policy_attachment.eks_worker_node_policy: Refreshing state... [id=idp-cluster-node-role-20260825190240269400000003][0m
[0m[1mdata.aws_availability_zones.available: Read complete after 14s [id=us-east-1][0m
[0m[1maws_iam_role_policy_attachment.eks_cluster_policy: Refreshing state... [id=idp-cluster-cluster-role-20260825190239872900000001][0m
[0m[1maws_internet_gateway.idp_igw: Refreshing state... [id=igw-0e3a8608857aea146][0m
[0m[1maws_subnet.public[1]: Refreshing state... [id=subnet-0d9ba2343ca1bb023][0m
[0m[1maws_subnet.public[0]: Refreshing state... [id=subnet-06eafc0541687aa11][0m
[0m[1maws_route_table.public: Refreshing state... [id=rtb-0a644e22f31030416][0m
[0m[1maws_route_table_association.public[1]: Refreshing state... [id=rtbassoc-04eceebc0b32519bb][0m
[0m[1maws_route_table_association.public[0]: Refreshing state... [id=rtbassoc-0d73dde5ec9d61595][0m

Terraform used the selected providers to generate the following execution
plan. Resource actions are indicated with the following symbols:
  [32m+[0m create[0m

Terraform will perform the following actions:

[1m  # aws_eks_cluster.idp[0m will be created
[0m  [32m+[0m[0m resource "aws_eks_cluster" "idp" {
      [32m+[0m[0m arn                           = (known after apply)
      [32m+[0m[0m bootstrap_self_managed_addons = true
      [32m+[0m[0m certificate_authority         = (known after apply)
      [32m+[0m[0m cluster_id                    = (known after apply)
      [32m+[0m[0m created_at                    = (known after apply)
      [32m+[0m[0m endpoint                      = (known after apply)
      [32m+[0m[0m id                            = (known after apply)
      [32m+[0m[0m identity                      = (known after apply)
      [32m+[0m[0m name                          = "idp-cluster"
      [32m+[0m[0m platform_version              = (known after apply)
      [32m+[0m[0m role_arn                      = "arn:aws:iam::612309386180:role/idp-cluster-cluster-role"
      [32m+[0m[0m status                        = (known after apply)
      [32m+[0m[0m tags                          = {
          [32m+[0m[0m "Name" = "idp-cluster"
        }
      [32m+[0m[0m tags_all                      = {
          [32m+[0m[0m "Name" = "idp-cluster"
        }
      [32m+[0m[0m version                       = "1.32"

      [32m+[0m[0m access_config (known after apply)

      [32m+[0m[0m kubernetes_network_config (known after apply)

      [32m+[0m[0m upgrade_policy (known after apply)

      [32m+[0m[0m vpc_config {
          [32m+[0m[0m cluster_security_group_id = (known after apply)
          [32m+[0m[0m endpoint_private_access   = false
          [32m+[0m[0m endpoint_public_access    = true
          [32m+[0m[0m public_access_cidrs       = (known after apply)
          [32m+[0m[0m subnet_ids                = [
              [32m+[0m[0m "subnet-06eafc0541687aa11",
              [32m+[0m[0m "subnet-0d9ba2343ca1bb023",
            ]
          [32m+[0m[0m vpc_id                    = (known after apply)
        }
    }

[1m  # aws_eks_node_group.idp_nodes[0m will be created
[0m  [32m+[0m[0m resource "aws_eks_node_group" "idp_nodes" {
      [32m+[0m[0m ami_type               = (known after apply)
      [32m+[0m[0m arn                    = (known after apply)
      [32m+[0m[0m capacity_type          = (known after apply)
      [32m+[0m[0m cluster_name           = "idp-cluster"
      [32m+[0m[0m disk_size              = (known after apply)
      [32m+[0m[0m id                     = (known after apply)
      [32m+[0m[0m instance_types         = [
          [32m+[0m[0m "t3.medium",
        ]
      [32m+[0m[0m node_group_name        = "idp-cluster-nodes"
      [32m+[0m[0m node_group_name_prefix = (known after apply)
      [32m+[0m[0m node_role_arn          = "arn:aws:iam::612309386180:role/idp-cluster-node-role"
      [32m+[0m[0m release_version        = (known after apply)
      [32m+[0m[0m resources              = (known after apply)
      [32m+[0m[0m status                 = (known after apply)
      [32m+[0m[0m subnet_ids             = [
          [32m+[0m[0m "subnet-06eafc0541687aa11",
          [32m+[0m[0m "subnet-0d9ba2343ca1bb023",
        ]
      [32m+[0m[0m tags                   = {
          [32m+[0m[0m "Name" = "idp-cluster-nodes"
        }
      [32m+[0m[0m tags_all               = {
          [32m+[0m[0m "Name" = "idp-cluster-nodes"
        }
      [32m+[0m[0m version                = (known after apply)

      [32m+[0m[0m node_repair_config (known after apply)

      [32m+[0m[0m scaling_config {
          [32m+[0m[0m desired_size = 2
          [32m+[0m[0m max_size     = 3
          [32m+[0m[0m min_size     = 1
        }

      [32m+[0m[0m update_config (known after apply)
    }

[1mPlan:[0m [0m2 to add, 0 to change, 0 to destroy.

Changes to Outputs:
  [32m+[0m[0m cluster_endpoint  = (known after apply)
  [33m~[0m[0m cluster_version   = "1.29" [33m->[0m[0m "1.32"
[0m[1maws_eks_cluster.idp: Creating...[0m[0m
[0m[1maws_eks_cluster.idp: Still creating... [00m10s elapsed][0m[0m
[0m[1maws_eks_cluster.idp: Still creating... [00m20s elapsed][0m[0m
[0m[1maws_eks_cluster.idp: Still creating... [00m31s elapsed][0m[0m
[0m[1maws_eks_cluster.idp: Still creating... [00m41s elapsed][0m[0m
[0m[1maws_eks_cluster.idp: Still creating... [00m51s elapsed][0m[0m
[0m[1maws_eks_cluster.idp: Still creating... [01m02s elapsed][0m[0m
[0m[1maws_eks_cluster.idp: Still creating... [01m12s elapsed][0m[0m
[0m[1maws_eks_cluster.idp: Still creating... [01m22s elapsed][0m[0m
[0m[1maws_eks_cluster.idp: Still creating... [01m33s elapsed][0m[0m
[0m[1maws_eks_cluster.idp: Still creating... [01m43s elapsed][0m[0m
[0m[1maws_eks_cluster.idp: Still creating... [01m53s elapsed][0m[0m
[0m[1maws_eks_cluster.idp: Still creating... [02m04s elapsed][0m[0m
[0m[1maws_eks_cluster.idp: Still creating... [02m14s elapsed][0m[0m
[0m[1maws_eks_cluster.idp: Still creating... [02m24s elapsed][0m[0m
[0m[1maws_eks_cluster.idp: Still creating... [02m34s elapsed][0m[0m
[0m[1maws_eks_cluster.idp: Still creating... [02m45s elapsed][0m[0m
[0m[1maws_eks_cluster.idp: Still creating... [02m55s elapsed][0m[0m
[0m[1maws_eks_cluster.idp: Still creating... [03m05s elapsed][0m[0m
[0m[1maws_eks_cluster.idp: Still creating... [03m16s elapsed][0m[0m
[0m[1maws_eks_cluster.idp: Still creating... [03m26s elapsed][0m[0m
[0m[1maws_eks_cluster.idp: Still creating... [03m36s elapsed][0m[0m
[0m[1maws_eks_cluster.idp: Still creating... [03m47s elapsed][0m[0m
[0m[1maws_eks_cluster.idp: Still creating... [03m57s elapsed][0m[0m
[0m[1maws_eks_cluster.idp: Still creating... [04m07s elapsed][0m[0m
[0m[1maws_eks_cluster.idp: Still creating... [04m18s elapsed][0m[0m
[0m[1maws_eks_cluster.idp: Still creating... [04m28s elapsed][0m[0m
[0m[1maws_eks_cluster.idp: Still creating... [04m38s elapsed][0m[0m
[0m[1maws_eks_cluster.idp: Still creating... [04m48s elapsed][0m[0m
[0m[1maws_eks_cluster.idp: Still creating... [04m59s elapsed][0m[0m
[0m[1maws_eks_cluster.idp: Still creating... [05m09s elapsed][0m[0m
[0m[1maws_eks_cluster.idp: Still creating... [05m19s elapsed][0m[0m
[0m[1maws_eks_cluster.idp: Still creating... [05m31s elapsed][0m[0m
[0m[1maws_eks_cluster.idp: Still creating... [05m41s elapsed][0m[0m
[0m[1maws_eks_cluster.idp: Still creating... [05m51s elapsed][0m[0m
[0m[1maws_eks_cluster.idp: Still creating... [06m02s elapsed][0m[0m
[0m[1maws_eks_cluster.idp: Still creating... [06m12s elapsed][0m[0m
[0m[1maws_eks_cluster.idp: Still creating... [06m22s elapsed][0m[0m
[0m[1maws_eks_cluster.idp: Still creating... [06m33s elapsed][0m[0m
[0m[1maws_eks_cluster.idp: Still creating... [06m43s elapsed][0m[0m
[0m[1maws_eks_cluster.idp: Still creating... [06m53s elapsed][0m[0m
[0m[1maws_eks_cluster.idp: Still creating... [07m03s elapsed][0m[0m
[0m[1maws_eks_cluster.idp: Still creating... [07m14s elapsed][0m[0m
[0m[1maws_eks_cluster.idp: Still creating... [07m24s elapsed][0m[0m
[0m[1maws_eks_cluster.idp: Still creating... [07m34s elapsed][0m[0m
[0m[1maws_eks_cluster.idp: Still creating... [07m45s elapsed][0m[0m
[0m[1maws_eks_cluster.idp: Still creating... [07m55s elapsed][0m[0m
[0m[1maws_eks_cluster.idp: Creation complete after 7m57s [id=idp-cluster][0m
[0m[1maws_eks_node_group.idp_nodes: Creating...[0m[0m
[0m[1maws_eks_node_group.idp_nodes: Still creating... [00m10s elapsed][0m[0m
[0m[1maws_eks_node_group.idp_nodes: Still creating... [00m21s elapsed][0m[0m
[0m[1maws_eks_node_group.idp_nodes: Still creating... [00m31s elapsed][0m[0m
[0m[1maws_eks_node_group.idp_nodes: Still creating... [00m41s elapsed][0m[0m
[0m[1maws_eks_node_group.idp_nodes: Still creating... [00m52s elapsed][0m[0m
[0m[1maws_eks_node_group.idp_nodes: Still creating... [01m02s elapsed][0m[0m
[0m[1maws_eks_node_group.idp_nodes: Still creating... [01m12s elapsed][0m[0m
[0m[1maws_eks_node_group.idp_nodes: Still creating... [01m23s elapsed][0m[0m
[0m[1maws_eks_node_group.idp_nodes: Still creating... [01m33s elapsed][0m[0m
[0m[1maws_eks_node_group.idp_nodes: Still creating... [01m43s elapsed][0m[0m
[0m[1maws_eks_node_group.idp_nodes: Still creating... [01m53s elapsed][0m[0m
[0m[1maws_eks_node_group.idp_nodes: Still creating... [02m04s elapsed][0m[0m
[0m[1maws_eks_node_group.idp_nodes: Still creating... [02m14s elapsed][0m[0m
[0m[1maws_eks_node_group.idp_nodes: Still creating... [02m24s elapsed][0m[0m
[0m[1maws_eks_node_group.idp_nodes: Still creating... [02m35s elapsed][0m[0m
[0m[1maws_eks_node_group.idp_nodes: Still creating... [02m45s elapsed][0m[0m
[0m[1maws_eks_node_group.idp_nodes: Still creating... [02m55s elapsed][0m[0m
[0m[1maws_eks_node_group.idp_nodes: Still creating... [03m06s elapsed][0m[0m
[0m[1maws_eks_node_group.idp_nodes: Still creating... [03m16s elapsed][0m[0m
[0m[1maws_eks_node_group.idp_nodes: Still creating... [03m26s elapsed][0m[0m
[0m[1maws_eks_node_group.idp_nodes: Still creating... [03m37s elapsed][0m[0m
[0m[1maws_eks_node_group.idp_nodes: Still creating... [03m47s elapsed][0m[0m
[0m[1maws_eks_node_group.idp_nodes: Still creating... [03m57s elapsed][0m[0m
[0m[1maws_eks_node_group.idp_nodes: Still creating... [04m07s elapsed][0m[0m
[0m[1maws_eks_node_group.idp_nodes: Still creating... [04m17s elapsed][0m[0m
[0m[1maws_eks_node_group.idp_nodes: Still creating... [04m27s elapsed][0m[0m
[0m[1maws_eks_node_group.idp_nodes: Still creating... [04m37s elapsed][0m[0m
[0m[1maws_eks_node_group.idp_nodes: Still creating... [04m49s elapsed][0m[0m
[0m[1maws_eks_node_group.idp_nodes: Still creating... [04m59s elapsed][0m[0m
[0m[1maws_eks_node_group.idp_nodes: Still creating... [05m09s elapsed][0m[0m
[0m[1maws_eks_node_group.idp_nodes: Still creating... [05m20s elapsed][0m[0m
[0m[1maws_eks_node_group.idp_nodes: Still creating... [05m30s elapsed][0m[0m
[0m[1maws_eks_node_group.idp_nodes: Still creating... [05m40s elapsed][0m[0m
[0m[1maws_eks_node_group.idp_nodes: Still creating... [05m50s elapsed][0m[0m
[0m[1maws_eks_node_group.idp_nodes: Still creating... [06m01s elapsed][0m[0m
[0m[1maws_eks_node_group.idp_nodes: Still creating... [06m11s elapsed][0m[0m
[0m[1maws_eks_node_group.idp_nodes: Still creating... [06m21s elapsed][0m[0m
[0m[1maws_eks_node_group.idp_nodes: Still creating... [06m32s elapsed][0m[0m
[0m[1maws_eks_node_group.idp_nodes: Still creating... [06m42s elapsed][0m[0m
[0m[1maws_eks_node_group.idp_nodes: Still creating... [06m52s elapsed][0m[0m
[0m[1maws_eks_node_group.idp_nodes: Still creating... [07m03s elapsed][0m[0m
[0m[1maws_eks_node_group.idp_nodes: Still creating... [07m13s elapsed][0m[0m
[0m[1maws_eks_node_group.idp_nodes: Still creating... [07m23s elapsed][0m[0m
